{"level":"info","message":"AutoSuite ERP Server running on http://localhost:5000","service":"autosuite-erp","timestamp":"2026-09-17 02:22:05.319"}
{"level":"info","message":"AutoSuite ERP Server running on http://localhost:5000","service":"autosuite-erp","timestamp":"2026-09-17 17:47:42.100"}
{"level":"info","message":"AutoSuite ERP Server running on http://localhost:5000","service":"autosuite-erp","timestamp":"2026-09-17 17:53:58.770"}
{"durationMs":4768,"ip":"::1","level":"info","message":"HTTP POST /api/auth/login 200 - 4768ms","method":"POST","service":"autosuite-erp","status":200,"timestamp":"2026-09-17 17:54:18.849","url":"/api/auth/login","userAgent":"node","userId":"anonymous","username":"anonymous"}
{"durationMs":1519,"ip":"::1","level":"info","message":"HTTP POST /api/auth/login 200 - 1519ms","method":"POST","service":"autosuite-erp","status":200,"timestamp":"2026-09-17 17:54:20.386","url":"/api/auth/login","userAgent":"node","userId":"anonymous","username":"anonymous"}
{"durationMs":471,"ip":"::1","level":"warn","message":"HTTP GET /api/users 403 - 471ms","method":"GET","service":"autosuite-erp","status":403,"timestamp":"2026-09-17 17:54:20.861","url":"/api/users","userAgent":"node","userId":"4fa85d56-cbc4-4313-948e-463529e36ead","username":"operator"}
{"durationMs":237,"ip":"::1","level":"warn","message":"HTTP GET /api/parts 403 - 237ms","method":"GET","service":"autosuite-erp","status":403,"timestamp":"2026-09-17 17:54:21.101","url":"/api/parts","userAgent":"node","userId":"4fa85d56-cbc4-4313-948e-463529e36ead","username":"operator"}
{"durationMs":4101,"ip":"::1","level":"info","message":"HTTP GET /api/bikes 200 - 4101ms","method":"GET","service":"autosuite-erp","status":200,"timestamp":"2026-09-17 17:54:25.205","url":"/api/bikes","userAgent":"node","userId":"01e5a13e-f68a-47a6-a966-4f3fef8c46b9","username":"admin"}
{"durationMs":725,"ip":"::1","level":"info","message":"HTTP GET /api/bikes/search-chassis/SUZ-SUZUK-2025-02198 200 - 725ms","method":"GET","service":"autosuite-erp","status":200,"timestamp":"2026-09-17 17:54:25.961","url":"/api/bikes/search-chassis/SUZ-SUZUK-2025-02198","userAgent":"node","userId":"01e5a13e-f68a-47a6-a966-4f3fef8c46b9","username":"admin"}
{"durationMs":9390,"ip":"::1","level":"info","message":"HTTP POST /api/sales 201 - 9390ms","method":"POST","service":"autosuite-erp","status":201,"timestamp":"2026-09-17 17:54:35.362","url":"/api/sales","userAgent":"node","userId":"01e5a13e-f68a-47a6-a966-4f3fef8c46b9","username":"admin"}
{"durationMs":1415,"ip":"::1","level":"info","message":"HTTP GET /api/bikes/f3f1540d-e2d9-44cf-87bf-2a4a2a0c423f 200 - 1415ms","method":"GET","service":"autosuite-erp","status":200,"timestamp":"2026-09-17 17:54:36.784","url":"/api/bikes/f3f1540d-e2d9-44cf-87bf-2a4a2a0c423f","userAgent":"node","userId":"01e5a13e-f68a-47a6-a966-4f3fef8c46b9","username":"admin"}
{"durationMs":4699,"ip":"::1","level":"info","message":"HTTP POST /api/sales/38db93a3-ed42-47cb-bf62-7b678554ceaf/payments 200 - 4699ms","method":"POST","service":"autosuite-erp","status":200,"timestamp":"2026-09-17 17:54:41.486","url":"/api/sales/38db93a3-ed42-47cb-bf62-7b678554ceaf/payments","userAgent":"node","userId":"01e5a13e-f68a-47a6-a966-4f3fef8c46b9","username":"admin"}
{"durationMs":2576,"ip":"::1","level":"info","message":"HTTP PUT /api/documents/1747761e-6dfa-42f3-b2bb-b7f7e6cee1c8/status 200 - 2576ms","method":"PUT","service":"autosuite-erp","status":200,"timestamp":"2026-09-17 17:54:44.071","url":"/api/documents/1747761e-6dfa-42f3-b2bb-b7f7e6cee1c8/status","userAgent":"node","userId":"01e5a13e-f68a-47a6-a966-4f3fef8c46b9","username":"admin"}
{"durationMs":716,"ip":"::1","level":"info","message":"HTTP GET /api/parts/alerts/low-stock 200 - 716ms","method":"GET","service":"autosuite-erp","status":200,"timestamp":"2026-09-17 17:54:44.790","url":"/api/parts/alerts/low-stock","userAgent":"node","userId":"01e5a13e-f68a-47a6-a966-4f3fef8c46b9","username":"admin"}
{"durationMs":2652,"ip":"::1","level":"info","message":"HTTP GET /api/reports/export/bikes 200 - 2652ms","method":"GET","service":"autosuite-erp","status":200,"timestamp":"2026-09-17 17:54:47.445","url":"/api/reports/export/bikes","userAgent":"node","userId":"01e5a13e-f68a-47a6-a966-4f3fef8c46b9","username":"admin"}
{"durationMs":985,"ip":"::1","level":"info","message":"HTTP GET /api/reports/export/parts 200 - 985ms","method":"GET","service":"autosuite-erp","status":200,"timestamp":"2026-09-17 17:54:48.434","url":"/api/reports/export/parts","userAgent":"node","userId":"01e5a13e-f68a-47a6-a966-4f3fef8c46b9","username":"admin"}
{"durationMs":4273,"ip":"::1","level":"info","message":"HTTP GET /api/reports/export/sales 200 - 4273ms","method":"GET","service":"autosuite-erp","status":200,"timestamp":"2026-09-17 17:54:52.710","url":"/api/reports/export/sales","userAgent":"node","userId":"01e5a13e-f68a-47a6-a966-4f3fef8c46b9","username":"admin"}
{"durationMs":3475,"ip":"::1","level":"info","message":"HTTP GET /api/reports/export/credit-ledger 200 - 3475ms","method":"GET","service":"autosuite-erp","status":200,"timestamp":"2026-09-17 17:54:56.188","url":"/api/reports/export/credit-ledger","userAgent":"node","userId":"01e5a13e-f68a-47a6-a966-4f3fef8c46b9","username":"admin"}
{"durationMs":4189,"ip":"::1","level":"info","message":"HTTP GET /api/reports/dashboard 200 - 4189ms","method":"GET","service":"autosuite-erp","status":200,"timestamp":"2026-09-17 17:55:00.382","url":"/api/reports/dashboard","userAgent":"node","userId":"01e5a13e-f68a-47a6-a966-4f3fef8c46b9","username":"admin"}
{"level":"info","message":"AutoSuite ERP Server running on http://localhost:5000","service":"autosuite-erp","timestamp":"2026-09-17 18:08:03.800"}
{"durationMs":4284,"ip":"::1","level":"warn","message":"HTTP POST /api/auth/login 401 - 4284ms","method":"POST","service":"autosuite-erp","status":401,"timestamp":"2026-09-17 18:12:18.633","url":"/api/auth/login","userAgent":"node","userId":"anonymous","username":"anonymous"}
{"durationMs":1798,"ip":"::1","level":"info","message":"HTTP POST /api/auth/login 200 - 1798ms","method":"POST","service":"autosuite-erp","status":200,"timestamp":"2026-09-17 18:12:43.157","url":"/api/auth/login","userAgent":"node","userId":"anonymous","username":"anonymous"}
{"durationMs":1305,"ip":"::1","level":"info","message":"HTTP POST /api/auth/login 200 - 1305ms","method":"POST","service":"autosuite-erp","status":200,"timestamp":"2026-09-17 18:12:55.568","url":"/api/auth/login","userAgent":"node","userId":"anonymous","username":"anonymous"}
{"durationMs":8382,"ip":"::1","level":"info","message":"HTTP GET /api/sales/customers?page=1&limit=5 200 - 8382ms","method":"GET","service":"autosuite-erp","status":200,"timestamp":"2026-09-17 18:13:03.964","url":"/api/sales/customers?page=1&limit=5","userAgent":"node","userId":"01e5a13e-f68a-47a6-a966-4f3fef8c46b9","username":"admin"}
{"durationMs":4107,"ip":"::1","level":"info","message":"HTTP GET /api/documents?page=1&limit=5 200 - 4107ms","method":"GET","service":"autosuite-erp","status":200,"timestamp":"2026-09-17 18:13:08.078","url":"/api/documents?page=1&limit=5","userAgent":"node","userId":"01e5a13e-f68a-47a6-a966-4f3fef8c46b9","username":"admin"}
{"durationMs":3604,"ip":"::1","level":"info","message":"HTTP GET /api/sales?page=1&limit=5 200 - 3604ms","method":"GET","service":"autosuite-erp","status":200,"timestamp":"2026-09-17 18:13:11.689","url":"/api/sales?page=1&limit=5","userAgent":"node","userId":"01e5a13e-f68a-47a6-a966-4f3fef8c46b9","username":"admin"}
{"durationMs":4799,"ip":"::1","level":"info","message":"HTTP POST /api/sales/38db93a3-ed42-47cb-bf62-7b678554ceaf/payments 200 - 4799ms","method":"POST","service":"autosuite-erp","status":200,"timestamp":"2026-09-17 18:13:16.496","url":"/api/sales/38db93a3-ed42-47cb-bf62-7b678554ceaf/payments","userAgent":"node","userId":"01e5a13e-f68a-47a6-a966-4f3fef8c46b9","username":"admin"}
